]0;/stor/home/lmc3757/Website]0;lmc3757@educcomp01: ~/Website[01;32mlmc3757@educcomp01[00m:[01;34m~/Website[00m$ [K]0;lmc3757@educcomp01: ~/Website[01;32mlmc3757@educcomp01[00m:[01;34m~/Website[00m$ git commit .[K[K[K[K[K[K[Ka[K[Kadd . 
fatal: Unable to create '/stor/home/lmc3757/Website/.git/index.lock': File exists.

Another git process seems to be running in this repository, e.g.
an editor opened by 'git commit'. Please make sure all processes
are terminated then try again. If it still fails, a git process
may have crashed in this repository earlier:
remove the file manually to continue.
]0;/stor/home/lmc3757/Website]0;lmc3757@educcomp01: ~/Website[01;32mlmc3757@educcomp01[00m:[01;34m~/Website[00m$ git add .
]0;/stor/home/lmc3757/Website]0;lmc3757@educcomp01: ~/Website[01;32mlmc3757@educcomp01[00m:[01;34m~/Website[00m$ git commit -m"fah"
[master 593cc04] fah
 10 files changed, 21 insertions(+), 790 deletions(-)
 create mode 100644 .Rproj.user/EED8CAD8/console06/76C15F89
 rename .Rproj.user/EED8CAD8/console06/{EA354B9A.env => 76C15F89.env} (98%)
 delete mode 100644 .Rproj.user/EED8CAD8/console06/EA354B9A
 delete mode 100644 .Rproj.user/EED8CAD8/console06/EDBA77CF
 delete mode 100644 .Rproj.user/EED8CAD8/console06/EDBA77CF.env
 rewrite .Rproj.user/EED8CAD8/console06/INDEX001 (84%)
]0;/stor/home/lmc3757/Website]0;lmc3757@educcomp01: ~/Website[01;32mlmc3757@educcomp01[00m:[01;34m~/Website[00m$ git push origina [K[K master
Username for 'https://github.com': dashofginger
Password for 'https://dashofginger@github.com': 
Counting objects: 14, done.
Delta compression using up to 16 threads.
Compressing objects:   7% (1/14)   Compressing objects:  14% (2/14)   Compressing objects:  21% (3/14)   Compressing objects:  28% (4/14)   Compressing objects:  35% (5/14)   Compressing objects:  42% (6/14)   Compressing objects:  50% (7/14)   Compressing objects:  57% (8/14)   Compressing objects:  64% (9/14)   Compressing objects:  71% (10/14)   Compressing objects:  78% (11/14)   Compressing objects:  85% (12/14)   Compressing objects:  92% (13/14)   Compressing objects: 100% (14/14)   Compressing objects: 100% (14/14), done.
Writing objects:   7% (1/14)   Writing objects:  14% (2/14)   Writing objects:  21% (3/14)   Writing objects:  28% (4/14)   Writing objects:  35% (5/14)   Writing objects:  42% (6/14)   Writing objects:  50% (7/14)   Writing objects:  57% (8/14)   Writing objects:  64% (9/14)   Writing objects:  71% (10/14)   Writing objects:  78% (11/14)   Writing objects:  85% (12/14)   Writing objects:  92% (13/14)   Writing objects: 100% (14/14)   Writing objects: 100% (14/14), 2.96 KiB | 756.00 KiB/s, done.
Total 14 (delta 8), reused 0 (delta 0)
remote: Resolving deltas:   0% (0/8)[Kremote: Resolving deltas:  12% (1/8)[Kremote: Resolving deltas:  25% (2/8)[Kremote: Resolving deltas:  37% (3/8)[Kremote: Resolving deltas:  50% (4/8)[Kremote: Resolving deltas:  62% (5/8)[Kremote: Resolving deltas:  75% (6/8)[Kremote: Resolving deltas:  87% (7/8)[Kremote: Resolving deltas: 100% (8/8)[Kremote: Resolving deltas: 100% (8/8), completed with 8 local objects.[K
To https://github.com/dashofginger/Website.git
   38c98b1..593cc04  master -> master
]0;/stor/home/lmc3757/Website]0;lmc3757@educcomp01: ~/Website[01;32mlmc3757@educcomp01[00m:[01;34m~/Website[00m$ git add .
]0;/stor/home/lmc3757/Website]0;lmc3757@educcomp01: ~/Website[01;32mlmc3757@educcomp01[00m:[01;34m~/Website[00m$ git commit -m"origi[K"[K[K[K[K"
[master 90eb493] o
 11 files changed, 47 insertions(+), 36 deletions(-)
]0;/stor/home/lmc3757/Website]0;lmc3757@educcomp01: ~/Website[01;32mlmc3757@educcomp01[00m:[01;34m~/Website[00m$ git push ori[K[K[Korigina[K master
Username for 'https://github.com': dashofginger
Password for 'https://dashofginger@github.com': 
Counting objects: 18, done.
Delta compression using up to 16 threads.
Compressing objects:   5% (1/18)   Compressing objects:  11% (2/18)   Compressing objects:  16% (3/18)   Compressing objects:  22% (4/18)   Compressing objects:  27% (5/18)   Compressing objects:  33% (6/18)   Compressing objects:  38% (7/18)   Compressing objects:  44% (8/18)   Compressing objects:  50% (9/18)   Compressing objects:  55% (10/18)   Compressing objects:  61% (11/18)   Compressing objects:  66% (12/18)   Compressing objects:  72% (13/18)   Compressing objects:  77% (14/18)   Compressing objects:  83% (15/18)   Compressing objects:  88% (16/18)   Compressing objects:  94% (17/18)   Compressing objects: 100% (18/18)   Compressing objects: 100% (18/18), done.
Writing objects:   5% (1/18)   Writing objects:  11% (2/18)   Writing objects:  16% (3/18)   Writing objects:  22% (4/18)   Writing objects:  27% (5/18)   Writing objects:  33% (6/18)   Writing objects:  38% (7/18)   Writing objects:  44% (8/18)   Writing objects:  50% (9/18)   Writing objects:  55% (10/18)   Writing objects:  61% (11/18)   Writing objects:  66% (12/18)   Writing objects:  72% (13/18)   Writing objects:  77% (14/18)   Writing objects:  83% (15/18)   Writing objects:  88% (16/18)   Writing objects:  94% (17/18)   Writing objects: 100% (18/18)   Writing objects: 100% (18/18), 2.59 KiB | 664.00 KiB/s, done.
Total 18 (delta 9), reused 0 (delta 0)
remote: Resolving deltas:   0% (0/9)[Kremote: Resolving deltas:  11% (1/9)[Kremote: Resolving deltas:  22% (2/9)[Kremote: Resolving deltas:  33% (3/9)[Kremote: Resolving deltas:  44% (4/9)[Kremote: Resolving deltas:  55% (5/9)[Kremote: Resolving deltas:  66% (6/9)[Kremote: Resolving deltas:  77% (7/9)[Kremote: Resolving deltas:  88% (8/9)[Kremote: Resolving deltas: 100% (9/9)[Kremote: Resolving deltas: 100% (9/9), completed with 9 local objects.[K
To https://github.com/dashofginger/Website.git
   593cc04..90eb493  master -> master
]0;/stor/home/lmc3757/Website]0;lmc3757@educcomp01: ~/Website[01;32mlmc3757@educcomp01[00m:[01;34m~/Website[00m$ git add .
]0;/stor/home/lmc3757/Website]0;lmc3757@educcomp01: ~/Website[01;32mlmc3757@educcomp01[00m:[01;34m~/Website[00m$ git commit -m"uh"
[master d680d09] uh
 7 files changed, 24 insertions(+), 9 deletions(-)
 rename public/{Project1.Rmd => project1.Rmd} (100%)
 rename public/{Project2.Rmd => project2.Rmd} (100%)
]0;/stor/home/lmc3757/Website]0;lmc3757@educcomp01: ~/Website[01;32mlmc3757@educcomp01[00m:[01;34m~/Website[00m$ git push origin master
Username for 'https://github.com': dashofginger
Password for 'https://dashofginger@github.com': 
Counting objects: 13, done.
Delta compression using up to 16 threads.
Compressing objects:   7% (1/13)   Compressing objects:  15% (2/13)   Compressing objects:  23% (3/13)   Compressing objects:  30% (4/13)   Compressing objects:  38% (5/13)   Compressing objects:  46% (6/13)   Compressing objects:  53% (7/13)   Compressing objects:  61% (8/13)   Compressing objects:  69% (9/13)   Compressing objects:  76% (10/13)   Compressing objects:  84% (11/13)   Compressing objects:  92% (12/13)   Compressing objects: 100% (13/13)   Compressing objects: 100% (13/13), done.
Writing objects:   7% (1/13)   Writing objects:  15% (2/13)   Writing objects:  23% (3/13)   Writing objects:  30% (4/13)   Writing objects:  38% (5/13)   Writing objects:  46% (6/13)   Writing objects:  53% (7/13)   Writing objects:  61% (8/13)   Writing objects:  69% (9/13)   Writing objects:  76% (10/13)   Writing objects:  84% (11/13)   Writing objects:  92% (12/13)   Writing objects: 100% (13/13)   Writing objects: 100% (13/13), 1.58 KiB | 538.00 KiB/s, done.
Total 13 (delta 8), reused 0 (delta 0)
remote: Resolving deltas:   0% (0/8)[Kremote: Resolving deltas:  12% (1/8)[Kremote: Resolving deltas:  25% (2/8)[Kremote: Resolving deltas:  37% (3/8)[Kremote: Resolving deltas:  50% (4/8)[Kremote: Resolving deltas:  62% (5/8)[Kremote: Resolving deltas:  75% (6/8)[Kremote: Resolving deltas:  87% (7/8)[Kremote: Resolving deltas: 100% (8/8)[Kremote: Resolving deltas: 100% (8/8), completed with 8 local objects.[K
To https://github.com/dashofginger/Website.git
   90eb493..d680d09  master -> master
]0;/stor/home/lmc3757/Website]0;lmc3757@educcomp01: ~/Website[01;32mlmc3757@educcomp01[00m:[01;34m~/Website[00m$ git add . 
