]0;/stor/home/lmc3757/Website]0;lmc3757@educcomp01: ~/Website[01;32mlmc3757@educcomp01[00m:[01;34m~/Website[00m$ [K]0;lmc3757@educcomp01: ~/Website[01;32mlmc3757@educcomp01[00m:[01;34m~/Website[00m$ git --version
git version 2.17.1
]0;/stor/home/lmc3757/Website]0;lmc3757@educcomp01: ~/Website[01;32mlmc3757@educcomp01[00m:[01;34m~/Website[00m$ git init #initialize local git respository
Reinitialized existing Git repository in /stor/home/lmc3757/Website/.git/
]0;/stor/home/lmc3757/Website]0;lmc3757@educcomp01: ~/Website[01;32mlmc3757@educcomp01[00m:[01;34m~/Website[00m$ git add . #add all files in repository to be uploaded
]0;/stor/home/lmc3757/Website]0;lmc3757@educcomp01: ~/Website[01;32mlmc3757@educcomp01[00m:[01;34m~/Website[00m$ git commit -m "first website commit"
[master a6ad129] first website commit
 Committer: Lauren Conner <lmc3757@educcomp01.ccbb.utexas.edu>
Your name and email address were configured automatically based
on your username and hostname. Please check that they are accurate.
You can suppress this message by setting them explicitly:

    git config --global user.name "Your Name"
    git config --global user.email you@example.com

After doing this, you may fix the identity used for this commit with:

    git commit --amend --reset-author

 4 files changed, 92 insertions(+), 1 deletion(-)
 create mode 100644 .Rproj.user/EED8CAD8/console06/EA354B9A
 create mode 100644 .Rproj.user/EED8CAD8/console06/EA354B9A.env
 rewrite .Rproj.user/EED8CAD8/console06/INDEX001 (70%)
]0;/stor/home/lmc3757/Website]0;lmc3757@educcomp01: ~/Website[01;32mlmc3757@educcomp01[00m:[01;34m~/Website[00m$     git config --global user.name "Your Name"
]0;/stor/home/lmc3757/Website]0;lmc3757@educcomp01: ~/Website[01;32mlmc3757@educcomp01[00m:[01;34m~/Website[00m$     git config --global user.email you@example.comLa[K[K[K[K[K[K[K[K[K[K[K[K[K[K[K[K[Klmc3757@uteexa[K[K[Kxas.edu[C[C[C[C[C[C[C[C[C[C[C[C[C[C[C[C[C[C[C[C[C[C[C[C[C[C[C[C[C[C[17Pgit commit -m "first website commit"[C[C[C[C[C[C[C[C[C[C[C[C[C[C[C[C[C[C[C[C[C[C[C[C[C[C[C[C[C[C    git config --global user.email lmc3757@utexas.edu[17Pgit commit -m "first website commit"[C[C[C[C[C[C[C[C[C[C[C[C[C[C[C[C[C[C[C[C[C[C[C[C[C[C[C[C[C[C    git config --global user.email lmc3757@utexas.edu
]0;/stor/home/lmc3757/Website]0;lmc3757@educcomp01: ~/Website[01;32mlmc3757@educcomp01[00m:[01;34m~/Website[00m$  config --global user.name "Your Name"[K[K[K[K[K[K[K[K[K[KLauren Conner"[1@g[1@i[1@t[C[1@ 
]0;/stor/home/lmc3757/Website]0;lmc3757@educcomp01: ~/Website[01;32mlmc3757@educcomp01[00m:[01;34m~/Website[00m$ git remote add origin https://github.com/USERNAME/WEBSITTE_REPOSITORY.git #re[K[K[K[K[K[K[K[K[K[K[K[K[K[K[K[K[K[K[K[K[K[A[C[C[C[C[C[C[C[C[C[C[C[C[C[C[C[C[C[C[C[C[C[C[C[C[C[C[C[C[C[C[C[C[C[C[C[C[C[C[C[C[C[C[C[C[C[C[C[C[C[C[C[C[C[C[C[C[C[C[C[C[C[C[C[C[C[C[C[C[C[C[C[C[C[C[C[C[C[C[C[C[C[C[C[C[K
[K[A[C[C[C[C[C[C[C[C[C[C[C[C[C[C[C[C[C[C[C[C[C[C[C[C[C[C[C[C[C[C[C[C[C[C[C[C[C[C[C[C[C[C[C[C[C[C[C[C[C[C[C[C[C[C[C[C[C[C[C[C[C[C[C[C[C[C[C[C[C[C[C[C[C[C[C[C[C[C[C[C[C[C[C[C[K[K[K[K[K[K[K[K[K[K[K[K[K[K[K[K[K[K[K[K[K[K[K[K[K[K[K[K[K[K[K[K[Khttps://github.com/dashofginger/Webbsite.git[A[C[C[C[C[C[C[C[C[C[C[C[C[C[C[C[C[C[C[C[C[C[C[C[C[C[C[C[C[C[C[C[C[C[C[C[C[C[C[C[C[C[C[C[C[C[C[C[C[C[C[C[C[C[C[C[C[C[C[C[C[C[C[C[C[C[C[C[C[C[C[C[C[C[C[C[C[C[C[C[C[C[C[C[C nhttps://github.com/dashofginger/Website.git[A]0;lmc3757@educcomp01: ~/Website[01;32mlmc3757@educcomp01[00m:[01;34m~/Website[00m$ [C[C[C[C[C[C[C[C[C[C[C[C[C[C[C[C[C[C[C[C[Cnhttps://github.com/dashofginger/Web[1Psite.git[A]0;lmc3757@educcomp01: ~/Website[01;32mlmc3757@educcomp01[00m:[01;34m~/Website[00m$ [C[C[C[C[C[C[C[C[C[C[C[C[C[C[C[C[C[C[C[C[C https://github.com/dashofginger/Website.git[A]0;lmc3757@educcomp01: ~/Website[01;32mlmc3757@educcomp01[00m:[01;34m~/Website[00m$ [C[C[C[C[C[C[C[C[C[C[C[C[C[C[C[C[C[C[C[C[C[C

fatal: remote origin already exists.
]0;/stor/home/lmc3757/Website]0;lmc3757@educcomp01: ~/Website[01;32mlmc3757@educcomp01[00m:[01;34m~/Website[00m$ $ git remote set-url origin https://github.com/taylorlwoolf/SDSProject.git[C[C[C[C[C[C[C[C[C[C[C[Cs://github.com/dashofginger/Website.git[C[1Pgithub.com/dashofginger/Website.git[C[C[C[C[C[C[C[C[C[C[C[C[C[C[C[C[C[C[C[C[1P/github.com/dashofginger/Website.git[C[C[C[C[C[C[C[C[C[C[C[C[C[C[C[C[C[C[C[1P/github.com/dashofginger/Website.git[C[C[C[C[C[C[C[C[C[C[C[C[C[C[C[C[C[C[1P/github.com/dashofginger/Website.git[C[C[C[C[C[C[C[C[C[C[C[C[C[C[C[C[C[1P/github.com/dashofginger/Website.git[C[C[C[C[C[C[C[C[C[C[C[C[C[C[C[C[1P/github.com/dashofginger/Website.git[C[C[C[C[C[C[C[C[C[C[C[C[C[C[C[1P/github.com/dashofginger/Website.git[C[C[C[C[C[C[C[C[C[C[C[C[C[C[1P/github.com/dashofginger/Website.git[C[C[C[C[C[C[C[C[C[C[C[C[C[1P/github.com/dashofginger/Website.git[C[C[C[C[C[C[C[C[C[C[C[C[1P/github.com/dashofginger/Website.git[C[C[C[C[C[C[C[C[C[C[C[1P/github.com/dashofginger/Website.git[C[C[C[C[C[C[C[C[C[C[1P/github.com/dashofginger/Website.git[C[C[C[C[C[C[C[C[C[1P/github.com/dashofginger/Website.git[C[C[C[C[C[C[C[C[1P/github.com/dashofginger/Website.git[C[C[C[C[C[C[C[1P/github.com/dashofginger/Website.git[C[C[C[C[C[C[1P/github.com/dashofginger/Website.git[C[C[C[C[C[1P/github.com/dashofginger/Website.git[C[C[C[C[1Pgithub.com/dashofginger/Website.git[C[C[C[1P/github.com/dashofginger/Website.git[C[C[1P/github.com/dashofginger/Website.git[C[1P/github.com/dashofginger/Website.git[A[C[C[C[C[C[C[C[C[C[C[C[C[C[C[C[C[C[C[C[C[C[C[C[C[C[C[C[C[C[C[C[C[C[C[C[C[C[C[C[C[C[C[C[C[C[C[C[C[C[C[C[C[C[C[C[C[C[C[C[C[C[C[C[C[C[C[C[C[C[C[C[C[C[C[C[C[C[C[C[C[C[C[C[C/g[1Pithub.com/dashofginger/Website.git[A[C[C[C[C[C[C[C[C[C[C[C[C[C[C[C[C[C[C[C[C[C[C[C[C[C[C[C[C[C[C[C[C[C[C[C[C[C[C[C[C[C[C[C[C[C[C[C[C[C/gi[1Pthub.com/dashofginger/Website.git[A[C[C[C[C[C[C[C[C[C[C[C[C[C[C[C[C[C[C[C[C[C[C[C[C[C[C[C[C[C[C[C[C[C[C[C[C[C[C[C[C[C[C[C[C[C[C[C[C[C/git[1Phub.com/dashofginger/Website.git[A[C[C[C[C[C[C[C[C[C[C[C[C[C[C[C[C[C[C[C[C[C[C[C[C[C[C[C[C[C[C[C[C[C[C[C[C[C[C[C[C[C[C[C[C[C[C[C[C[C/gith[1Pub.com/dashofginger/Website.git[A[C[C[C[C[C[C[C[C[C[C[C[C[C[C[C[C[C[C[C[C[C[C[C[C[C[C[C[C[C[C[C[C[C[C[C[C[C[C[C[C[C[C[C[C[C[C[C[C[C/githu[1Pb.com/dashofginger/Website.git[A[C[C[C[C[C[C[C[C[C[C[C[C[C[C[C[C[C[C[C[C[C[C[C[C[C[C[C[C[C[C[C[C[C[C[C[C[C[C[C[C[C[C[C[C[C[C[C[C[C/github[1P.com/dashofginger/Website.git[A[C[C[C[C[C[C[C[C[C[C[C[C[C[C[C[C[C[C[C[C[C[C[C[C[C[C[C[C[C[C[C[C[C[C[C[C[C[C[C[C[C[C[C[C[C[C[C[C[C/github.[1Pcom/dashofginger/Website.git[A]0;lmc3757@educcomp01: ~/Website[01;32mlmc3757@educcomp01[00m:[01;34m~/Website[00m$ [C[C[C[C[C[C[C[C[C[C[C[C[C[C[C[C[C[C[C[C[C[C[C[C[C[C[C[C[C[C[C[C[C[C[C[C[C[C[C[C[C[C[C[C[C[C[C[C/github.c[1Pom/dashofginger/Website.git[A]0;lmc3757@educcomp01: ~/Website[01;32mlmc3757@educcomp01[00m:[01;34m~/Website[00m$ [C[C[C[C[C[C[C[C[C[C[C[C[C[C[C[C[C[C[C[C[C[C[C[C[C[C[C[C[C[C[C[C[C[C[C[C[C[C[C[C[C[C[C[C[C[C[Cgithub.co[1Pm/dashofginger/Website.git[A]0;lmc3757@educcomp01: ~/Website[01;32mlmc3757@educcomp01[00m:[01;34m~/Website[00m$ [C[C[C[C[C[C[C[C[C[C[C[C[C[C[C[C[C[C[C[C[C[C[C[C[C[C[C[C[C[C[C[C[C[C[C[C[C[C[C[C[C[C[C[C[C[C/github.com[1P/dashofginger/Website.git[A]0;lmc3757@educcomp01: ~/Website[01;32mlmc3757@educcomp01[00m:[01;34m~/Website[00m$ [C[C[C[C[C[C[C[C[C[C[C[C[C[C[C[C[C[C[C[C[C[C[C[C[C[C[C[C[C[C[C[C[C[C[C[C[C[C[C[C[C[C[C[C[C/github.com/[1Pdashofginger/Website.git[A]0;lmc3757@educcomp01: ~/Website[01;32mlmc3757@educcomp01[00m:[01;34m~/Website[00m$ [C[C[C[C[C[C[C[C[C[C[C[C[C[C[C[C[C[C[C[C[C[C[C[C[C[C[C[C[C[C[C[C[C[C[C[C[C[C[C[C[C[C[C[C/github.com/d[1Pashofginger/Website.git[A]0;lmc3757@educcomp01: ~/Website[01;32mlmc3757@educcomp01[00m:[01;34m~/Website[00m$ [C[C[C[C[C[C[C[C[C[C[C[C[C[C[C[C[C[C[C[C[C[C[C[C[C[C[C[C[C[C[C[C[C[C[C[C[C[C[C[C[C[C[C/github.com/da[1Pshofginger/Website.git[A]0;lmc3757@educcomp01: ~/Website[01;32mlmc3757@educcomp01[00m:[01;34m~/Website[00m$ [C[C[C[C[C[C[C[C[C[C[C[C[C[C[C[C[C[C[C[C[C[C[C[C[C[C[C[C[C[C[C[C[C[C[C[C[C[C[C[C[C[C/github.com/das[1Phofginger/Website.git[A]0;lmc3757@educcomp01: ~/Website[01;32mlmc3757@educcomp01[00m:[01;34m~/Website[00m$ [C[C[C[C[C[C[C[C[C[C[C[C[C[C[C[C[C[C[C[C[C[C[C[C[C[C[C[C[C[C[C[C[C[C[C[C[C[C[C[C[C/github.com/dash[1Pofginger/Website.git[A]0;lmc3757@educcomp01: ~/Website[01;32mlmc3757@educcomp01[00m:[01;34m~/Website[00m$ [C[C[C[C[C[C[C[C[C[C[C[C[C[C[C[C[C[C[C[C[C[C[C[C[C[C[C[C[C[C[C[C[C[C[C[C[C[C[C[C/github.com/dasho[1Pfginger/Website.git[A]0;lmc3757@educcomp01: ~/Website[01;32mlmc3757@educcomp01[00m:[01;34m~/Website[00m$ [C[C[C[C[C[C[C[C[C[C[C[C[C[C[C[C[C[C[C[C[C[C[C[C[C[C[C[C[C[C[C[C[C[C[C[C[C[C[C/github.com/dashof[1Pginger/Website.git[A]0;lmc3757@educcomp01: ~/Website[01;32mlmc3757@educcomp01[00m:[01;34m~/Website[00m$ [C[C[C[C[C[C[C[C[C[C[C[C[C[C[C[C[C[C[C[C[C[C[C[C[C[C[C[C[C[C[C[C[C[C[C[C[C[C/github.com/dashofg[1Pinger/Website.git[A]0;lmc3757@educcomp01: ~/Website[01;32mlmc3757@educcomp01[00m:[01;34m~/Website[00m$ [C[C[C[C[C[C[C[C[C[C[C[C[C[C[C[C[C[C[C[C[C[C[C[C[C[C[C[C[C[C[C[C[C[C[C[C[C/github.com/dashofgi[1Pnger/Website.git[A]0;lmc3757@educcomp01: ~/Website[01;32mlmc3757@educcomp01[00m:[01;34m~/Website[00m$ [C[C[C[C[C[C[C[C[C[C[C[C[C[C[C[C[C[C[C[C[C[C[C[C[C[C[C[C[C[C[C[C[C[C[C[Cgithub.com/dashofgin[1Pger/Website.git[A]0;lmc3757@educcomp01: ~/Website[01;32mlmc3757@educcomp01[00m:[01;34m~/Website[00m$ [C[C[C[C[C[C[C[C[C[C[C[C[C[C[C[C[C[C[C[C[C[C[C[C[C[C[C[C[C[C[C[C[C[C[C git remote set-url origin https://github.com/dashofging[1Per/Website.git[A]0;lmc3757@educcomp01: ~/Website[01;32mlmc3757@educcomp01[00m:[01;34m~/Website[00m$ 

]0;/stor/home/lmc3757/Website]0;lmc3757@educcomp01: ~/Website[01;32mlmc3757@educcomp01[00m:[01;34m~/Website[00m$ git push origin master
Username for 'https://github.com': dashofginger
Password for 'https://dashofginger@github.com': 
Counting objects: 202, done.
Delta compression using up to 16 threads.
Compressing objects:   0% (1/179)   Compressing objects:   1% (2/179)   Compressing objects:   2% (4/179)   Compressing objects:   3% (6/179)   Compressing objects:   4% (8/179)   Compressing objects:   5% (9/179)   Compressing objects:   6% (11/179)   Compressing objects:   7% (13/179)   Compressing objects:   8% (15/179)   Compressing objects:   9% (17/179)   Compressing objects:  10% (18/179)   Compressing objects:  11% (20/179)   Compressing objects:  12% (22/179)   Compressing objects:  13% (24/179)   Compressing objects:  14% (26/179)   Compressing objects:  15% (27/179)   Compressing objects:  16% (29/179)   Compressing objects:  17% (31/179)   Compressing objects:  18% (33/179)   Compressing objects:  19% (35/179)   Compressing objects:  20% (36/179)   Compressing objects:  21% (38/179)   Compressing objects:  22% (40/179)   Compressing objects:  23% (42/179)   Compressing objects:  24% (43/179)   Compressing objects:  25% (45/179)   Compressing objects:  26% (47/179)   Compressing objects:  27% (49/179)   Compressing objects:  28% (51/179)   Compressing objects:  29% (52/179)   Compressing objects:  30% (54/179)   Compressing objects:  31% (56/179)   Compressing objects:  32% (58/179)   Compressing objects:  33% (60/179)   Compressing objects:  34% (61/179)   Compressing objects:  35% (63/179)   Compressing objects:  36% (65/179)   Compressing objects:  37% (67/179)   Compressing objects:  38% (69/179)   Compressing objects:  39% (70/179)   Compressing objects:  40% (72/179)   Compressing objects:  41% (74/179)   Compressing objects:  42% (76/179)   Compressing objects:  43% (77/179)   Compressing objects:  44% (79/179)   Compressing objects:  45% (81/179)   Compressing objects:  46% (83/179)   Compressing objects:  47% (85/179)   Compressing objects:  48% (86/179)   Compressing objects:  49% (88/179)   Compressing objects:  50% (90/179)   Compressing objects:  51% (92/179)   Compressing objects:  52% (94/179)   Compressing objects:  53% (95/179)   Compressing objects:  54% (97/179)   Compressing objects:  55% (99/179)   Compressing objects:  56% (101/179)   Compressing objects:  57% (103/179)   Compressing objects:  58% (104/179)   Compressing objects:  59% (106/179)   Compressing objects:  60% (108/179)   Compressing objects:  61% (110/179)   Compressing objects:  62% (111/179)   Compressing objects:  63% (113/179)   Compressing objects:  64% (115/179)   Compressing objects:  65% (117/179)   Compressing objects:  66% (119/179)   Compressing objects:  67% (120/179)   Compressing objects:  68% (122/179)   Compressing objects:  69% (124/179)   Compressing objects:  70% (126/179)   Compressing objects:  71% (128/179)   Compressing objects:  72% (129/179)   Compressing objects:  73% (131/179)   Compressing objects:  74% (133/179)   Compressing objects:  75% (135/179)   Compressing objects:  76% (137/179)   Compressing objects:  77% (138/179)   Compressing objects:  78% (140/179)   Compressing objects:  79% (142/179)   Compressing objects:  80% (144/179)   Compressing objects:  81% (145/179)   Compressing objects:  82% (147/179)   Compressing objects:  83% (149/179)   Compressing objects:  84% (151/179)   Compressing objects:  85% (153/179)   Compressing objects:  86% (154/179)   Compressing objects:  87% (156/179)   Compressing objects:  88% (158/179)   Compressing objects:  89% (160/179)   Compressing objects:  90% (162/179)   Compressing objects:  91% (163/179)   Compressing objects:  92% (165/179)   Compressing objects:  93% (167/179)   Compressing objects:  94% (169/179)   Compressing objects:  95% (171/179)   Compressing objects:  96% (172/179)   Compressing objects:  97% (174/179)   Compressing objects:  98% (176/179)   Compressing objects:  99% (178/179)   Compressing objects: 100% (179/179)   Compressing objects: 100% (179/179), done.
Writing objects:   0% (1/202)   Writing objects:   1% (3/202)   Writing objects:   2% (5/202)   Writing objects:   3% (7/202)   Writing objects:   5% (11/202)   Writing objects:   6% (13/202)   Writing objects:   7% (15/202)   Writing objects:   8% (17/202)   Writing objects:   9% (19/202)   Writing objects:  10% (21/202)   Writing objects:  11% (23/202)   Writing objects:  12% (25/202)   Writing objects:  13% (27/202)   Writing objects:  14% (29/202)   Writing objects:  15% (31/202)   Writing objects:  16% (34/202)   Writing objects:  17% (35/202)   Writing objects:  18% (37/202)   Writing objects:  19% (39/202)   Writing objects:  20% (41/202)   Writing objects:  21% (43/202)   Writing objects:  22% (45/202)   Writing objects:  23% (47/202)   Writing objects:  24% (49/202)   Writing objects:  25% (51/202)   Writing objects:  26% (53/202)   Writing objects:  27% (55/202)   Writing objects:  28% (57/202)   Writing objects:  29% (59/202)   Writing objects:  30% (61/202)   Writing objects:  31% (63/202)   Writing objects:  32% (65/202)   Writing objects:  33% (68/202)   Writing objects:  34% (70/202)   Writing objects:  35% (71/202)   Writing objects:  36% (73/202)   Writing objects:  37% (76/202)   Writing objects:  38% (77/202)   Writing objects:  39% (79/202)   Writing objects:  40% (81/202)   Writing objects:  41% (83/202)   Writing objects:  42% (85/202)   Writing objects:  43% (87/202)   Writing objects:  44% (89/202)   Writing objects:  45% (91/202)   Writing objects:  46% (93/202)   Writing objects:  47% (95/202)   Writing objects:  48% (97/202)   Writing objects:  50% (101/202)   Writing objects:  51% (104/202)   Writing objects:  52% (107/202)   Writing objects:  53% (109/202)   Writing objects:  54% (110/202)   Writing objects:  55% (112/202)   Writing objects:  56% (114/202), 1.05 MiB | 2.09 MiB/s   Writing objects:  57% (116/202), 1.05 MiB | 2.09 MiB/s   Writing objects:  58% (118/202), 1.05 MiB | 2.09 MiB/s   Writing objects:  59% (120/202), 1.05 MiB | 2.09 MiB/s   Writing objects:  60% (122/202), 1.05 MiB | 2.09 MiB/s   Writing objects:  61% (124/202), 1.05 MiB | 2.09 MiB/s   Writing objects:  62% (126/202), 1.05 MiB | 2.09 MiB/s   Writing objects:  63% (128/202), 1.05 MiB | 2.09 MiB/s   Writing objects:  64% (130/202), 1.05 MiB | 2.09 MiB/s   Writing objects:  65% (132/202), 1.05 MiB | 2.09 MiB/s   Writing objects:  66% (134/202), 1.05 MiB | 2.09 MiB/s   Writing objects:  67% (136/202), 1.05 MiB | 2.09 MiB/s   Writing objects:  68% (138/202), 1.05 MiB | 2.09 MiB/s   Writing objects:  69% (140/202), 1.05 MiB | 2.09 MiB/s   Writing objects:  70% (142/202), 1.05 MiB | 2.09 MiB/s   Writing objects:  71% (144/202), 1.05 MiB | 2.09 MiB/s   Writing objects:  72% (146/202), 1.05 MiB | 2.09 MiB/s   Writing objects:  73% (148/202), 1.05 MiB | 2.09 MiB/s   Writing objects:  74% (150/202), 1.05 MiB | 2.09 MiB/s   Writing objects:  75% (152/202), 1.05 MiB | 2.09 MiB/s   Writing objects:  76% (154/202), 1.05 MiB | 2.09 MiB/s   Writing objects:  77% (156/202), 1.05 MiB | 2.09 MiB/s   Writing objects:  78% (158/202), 1.05 MiB | 2.09 MiB/s   Writing objects:  79% (160/202), 1.05 MiB | 2.09 MiB/s   Writing objects:  80% (162/202), 1.05 MiB | 2.09 MiB/s   Writing objects:  81% (164/202), 1.05 MiB | 2.09 MiB/s   Writing objects:  82% (166/202), 1.05 MiB | 2.09 MiB/s   Writing objects:  83% (168/202), 1.05 MiB | 2.09 MiB/s   Writing objects:  84% (170/202), 1.05 MiB | 2.09 MiB/s   Writing objects:  85% (172/202), 1.05 MiB | 2.09 MiB/s   Writing objects:  86% (174/202), 1.05 MiB | 2.09 MiB/s   Writing objects:  87% (176/202), 1.05 MiB | 2.09 MiB/s   Writing objects:  88% (178/202), 1.05 MiB | 2.09 MiB/s   Writing objects:  89% (180/202), 1.05 MiB | 2.09 MiB/s   Writing objects:  90% (182/202), 1.05 MiB | 2.09 MiB/s   Writing objects:  91% (184/202), 1.05 MiB | 2.09 MiB/s   Writing objects:  92% (186/202), 1.05 MiB | 2.09 MiB/s   Writing objects:  93% (188/202), 1.05 MiB | 2.09 MiB/s   Writing objects:  94% (190/202), 1.05 MiB | 2.09 MiB/s   Writing objects:  95% (192/202), 1.05 MiB | 2.09 MiB/s   Writing objects:  96% (194/202), 1.05 MiB | 2.09 MiB/s   Writing objects:  97% (196/202), 1.05 MiB | 2.09 MiB/s   Writing objects:  98% (198/202), 1.05 MiB | 2.09 MiB/s   Writing objects:  99% (200/202), 1.05 MiB | 2.09 MiB/s   Writing objects: 100% (202/202), 1.05 MiB | 2.09 MiB/s   Writing objects: 100% (202/202), 5.00 MiB | 5.80 MiB/s, done.
Total 202 (delta 60), reused 0 (delta 0)
remote: Resolving deltas:   0% (0/60)[Kremote: Resolving deltas:   1% (1/60)[Kremote: Resolving deltas:   6% (4/60)[Kremote: Resolving deltas:  11% (7/60)[Kremote: Resolving deltas:  18% (11/60)[Kremote: Resolving deltas:  20% (12/60)[Kremote: Resolving deltas:  21% (13/60)[Kremote: Resolving deltas:  26% (16/60)[Kremote: Resolving deltas:  30% (18/60)[Kremote: Resolving deltas:  31% (19/60)[Kremote: Resolving deltas:  33% (20/60)[Kremote: Resolving deltas:  35% (21/60)[Kremote: Resolving deltas:  36% (22/60)[Kremote: Resolving deltas:  38% (23/60)[Kremote: Resolving deltas:  40% (24/60)[Kremote: Resolving deltas:  53% (32/60)[Kremote: Resolving deltas:  71% (43/60)[Kremote: Resolving deltas:  75% (45/60)[Kremote: Resolving deltas:  76% (46/60)[Kremote: Resolving deltas:  81% (49/60)[Kremote: Resolving deltas:  90% (54/60)[Kremote: Resolving deltas:  96% (58/60)[Kremote: Resolving deltas: 100% (60/60)[Kremote: Resolving deltas: 100% (60/60), done.[K
To https://github.com/dashofginger/Website.git
 * [new branch]      master -> master
]0;/stor/home/lmc3757/Website]0;lmc3757@educcomp01: ~/Website[01;32mlmc3757@educcomp01[00m:[01;34m~/Website[00m$ git add .
]0;/stor/home/lmc3757/Website]0;lmc3757@educcomp01: ~/Website[01;32mlmc3757@educcomp01[00m:[01;34m~/Website[00m$ 
]0;/stor/home/lmc3757/Website]0;lmc3757@educcomp01: ~/Website[01;32mlmc3757@educcomp01[00m:[01;34m~/Website[00m$ git commit -m "any message, but you must have a message""
[master c59e52f] any message, but you must have a message
 8 files changed, 71 insertions(+), 16 deletions(-)
 create mode 100644 .Rproj.user/EED8CAD8/sources/s-438c3c74/9F8BD58C-contents
]0;/stor/home/lmc3757/Website]0;lmc3757@educcomp01: ~/Website[01;32mlmc3757@educcomp01[00m:[01;34m~/Website[00m$ 
]0;/stor/home/lmc3757/Website]0;lmc3757@educcomp01: ~/Website[01;32mlmc3757@educcomp01[00m:[01;34m~/Website[00m$ git push origin master
Username for 'https://github.com': dashofginger
Password for 'https://dashofginger@github.com': 
Counting objects: 15, done.
Delta compression using up to 16 threads.
Compressing objects:   6% (1/15)   Compressing objects:  13% (2/15)   Compressing objects:  20% (3/15)   Compressing objects:  26% (4/15)   Compressing objects:  33% (5/15)   Compressing objects:  40% (6/15)   Compressing objects:  46% (7/15)   Compressing objects:  53% (8/15)   Compressing objects:  60% (9/15)   Compressing objects:  66% (10/15)   Compressing objects:  73% (11/15)   Compressing objects:  80% (12/15)   Compressing objects:  86% (13/15)   Compressing objects:  93% (14/15)   Compressing objects: 100% (15/15)   Compressing objects: 100% (15/15), done.
Writing objects:   6% (1/15)   Writing objects:  13% (2/15)   Writing objects:  20% (3/15)   Writing objects:  26% (4/15)   Writing objects:  33% (5/15)   Writing objects:  40% (6/15)   Writing objects:  46% (7/15)   Writing objects:  53% (8/15)   Writing objects:  60% (9/15)   Writing objects:  66% (10/15)   Writing objects:  73% (11/15)   Writing objects:  80% (12/15)   Writing objects:  86% (13/15)   Writing objects:  93% (14/15)   Writing objects: 100% (15/15)   Writing objects: 100% (15/15), 4.04 KiB | 1.01 MiB/s, done.
Total 15 (delta 8), reused 0 (delta 0)
remote: Resolving deltas:   0% (0/8)[Kremote: Resolving deltas:  12% (1/8)[Kremote: Resolving deltas:  25% (2/8)[Kremote: Resolving deltas:  37% (3/8)[Kremote: Resolving deltas:  50% (4/8)[Kremote: Resolving deltas:  62% (5/8)[Kremote: Resolving deltas:  75% (6/8)[Kremote: Resolving deltas:  87% (7/8)[Kremote: Resolving deltas: 100% (8/8)[Kremote: Resolving deltas: 100% (8/8), completed with 8 local objects.[K
To https://github.com/dashofginger/Website.git
   a6ad129..c59e52f  master -> master
]0;/stor/home/lmc3757/Website]0;lmc3757@educcomp01: ~/Website[01;32mlmc3757@educcomp01[00m:[01;34m~/Website[00m$ git add .
]0;/stor/home/lmc3757/Website]0;lmc3757@educcomp01: ~/Website[01;32mlmc3757@educcomp01[00m:[01;34m~/Website[00m$ git commit -m "any message, but you must have a message""
[master 582bd6c] any message, but you must have a message
 5 files changed, 27 insertions(+), 9 deletions(-)
]0;/stor/home/lmc3757/Website]0;lmc3757@educcomp01: ~/Website[01;32mlmc3757@educcomp01[00m:[01;34m~/Website[00m$ git push origin master
Username for 'https://github.com': dashofginger
Password for 'https://dashofginger@github.com': 
Counting objects: 15, done.
Delta compression using up to 16 threads.
Compressing objects:   7% (1/14)   Compressing objects:  14% (2/14)   Compressing objects:  21% (3/14)   Compressing objects:  28% (4/14)   Compressing objects:  35% (5/14)   Compressing objects:  42% (6/14)   Compressing objects:  50% (7/14)   Compressing objects:  57% (8/14)   Compressing objects:  64% (9/14)   Compressing objects:  71% (10/14)   Compressing objects:  78% (11/14)   Compressing objects:  85% (12/14)   Compressing objects:  92% (13/14)   Compressing objects: 100% (14/14)   Compressing objects: 100% (14/14), done.
Writing objects:   6% (1/15)   Writing objects:  13% (2/15)   Writing objects:  20% (3/15)   Writing objects:  26% (4/15)   Writing objects:  33% (5/15)   Writing objects:  40% (6/15)   Writing objects:  46% (7/15)   Writing objects:  53% (8/15)   Writing objects:  60% (9/15)   Writing objects:  66% (10/15)   Writing objects:  73% (11/15)   Writing objects:  80% (12/15)   Writing objects:  86% (13/15)   Writing objects:  93% (14/15)   Writing objects: 100% (15/15)   Writing objects: 100% (15/15), 1.68 KiB | 574.00 KiB/s, done.
Total 15 (delta 10), reused 0 (delta 0)
remote: Resolving deltas:   0% (0/10)[Kremote: Resolving deltas:  10% (1/10)[Kremote: Resolving deltas:  20% (2/10)[Kremote: Resolving deltas:  30% (3/10)[Kremote: Resolving deltas:  40% (4/10)[Kremote: Resolving deltas:  50% (5/10)[Kremote: Resolving deltas:  60% (6/10)[Kremote: Resolving deltas:  70% (7/10)[Kremote: Resolving deltas:  80% (8/10)[Kremote: Resolving deltas:  90% (9/10)[Kremote: Resolving deltas: 100% (10/10)[Kremote: Resolving deltas: 100% (10/10), completed with 10 local objects.[K
To https://github.com/dashofginger/Website.git
   c59e52f..582bd6c  master -> master
]0;/stor/home/lmc3757/Website]0;lmc3757@educcomp01: ~/Website[01;32mlmc3757@educcomp01[00m:[01;34m~/Website[00m$ git add .
]0;/stor/home/lmc3757/Website]0;lmc3757@educcomp01: ~/Website[01;32mlmc3757@educcomp01[00m:[01;34m~/Website[00m$ git commit -m "any message, but you must have a message""
[master 15c4d6a] any message, but you must have a message
 5 files changed, 28 insertions(+), 13 deletions(-)
]0;/stor/home/lmc3757/Website]0;lmc3757@educcomp01: ~/Website[01;32mlmc3757@educcomp01[00m:[01;34m~/Website[00m$ git push origin master
Username for 'https://github.com': dashofginger
Password for 'https://dashofginger@github.com': 
Counting objects: 15, done.
Delta compression using up to 16 threads.
Compressing objects:   7% (1/14)   Compressing objects:  14% (2/14)   Compressing objects:  21% (3/14)   Compressing objects:  28% (4/14)   Compressing objects:  35% (5/14)   Compressing objects:  42% (6/14)   Compressing objects:  50% (7/14)   Compressing objects:  57% (8/14)   Compressing objects:  64% (9/14)   Compressing objects:  71% (10/14)   Compressing objects:  78% (11/14)   Compressing objects:  85% (12/14)   Compressing objects:  92% (13/14)   Compressing objects: 100% (14/14)   Compressing objects: 100% (14/14), done.
Writing objects:   6% (1/15)   Writing objects:  13% (2/15)   Writing objects:  20% (3/15)   Writing objects:  26% (4/15)   Writing objects:  33% (5/15)   Writing objects:  40% (6/15)   Writing objects:  46% (7/15)   Writing objects:  53% (8/15)   Writing objects:  60% (9/15)   Writing objects:  66% (10/15)   Writing objects:  73% (11/15)   Writing objects:  80% (12/15)   Writing objects:  86% (13/15)   Writing objects:  93% (14/15)   Writing objects: 100% (15/15)   Writing objects: 100% (15/15), 1.62 KiB | 831.00 KiB/s, done.
Total 15 (delta 10), reused 0 (delta 0)
remote: Resolving deltas:   0% (0/10)[Kremote: Resolving deltas:  10% (1/10)[Kremote: Resolving deltas:  20% (2/10)[Kremote: Resolving deltas:  30% (3/10)[Kremote: Resolving deltas:  40% (4/10)[Kremote: Resolving deltas:  50% (5/10)[Kremote: Resolving deltas:  60% (6/10)[Kremote: Resolving deltas:  70% (7/10)[Kremote: Resolving deltas:  80% (8/10)[Kremote: Resolving deltas:  90% (9/10)[Kremote: Resolving deltas: 100% (10/10)[Kremote: Resolving deltas: 100% (10/10), completed with 10 local objects.[K
To https://github.com/dashofginger/Website.git
   582bd6c..15c4d6a  master -> master
]0;/stor/home/lmc3757/Website]0;lmc3757@educcomp01: ~/Website[01;32mlmc3757@educcomp01[00m:[01;34m~/Website[00m$ add .

Command 'add' not found, did you mean:

  command 'adb' from deb adb
  command 'dd' from deb coreutils
  command 'aid' from deb id-utils
  command 'amd' from deb am-utils
  command 'dad' from deb debian-dad
  command 'axd' from deb afnix
  command 'adbd' from deb android-tools-adbd
  command 'and' from deb and
  command 'tdd' from deb devtodo
  command 'atd' from deb at
  command 'ddd' from deb ddd
  command 'ldd' from deb libc-bin
  command 'ad' from deb netatalk
  command 'pdd' from deb pdd

Try: apt install <deb name>

]0;/stor/home/lmc3757/Website]0;lmc3757@educcomp01: ~/Website[01;32mlmc3757@educcomp01[00m:[01;34m~/Website[00m$ git add .
]0;/stor/home/lmc3757/Website]0;lmc3757@educcomp01: ~/Website[01;32mlmc3757@educcomp01[00m:[01;34m~/Website[00m$ git commit -m "any message, but you must have a message""
[master bccbc55] any message, but you must have a message
 12 files changed, 78 insertions(+), 33 deletions(-)
 create mode 100644 .Rproj.user/shared/notebooks/EFDA0BF6-2015-07-23-r-rmarkdown/1/s/chunks.json
]0;/stor/home/lmc3757/Website]0;lmc3757@educcomp01: ~/Website[01;32mlmc3757@educcomp01[00m:[01;34m~/Website[00m$ git push origin master
Username for 'https://github.com': dashofginger
Password for 'https://dashofginger@github.com': 
Counting objects: 23, done.
Delta compression using up to 16 threads.
Compressing objects:   4% (1/21)   Compressing objects:   9% (2/21)   Compressing objects:  14% (3/21)   Compressing objects:  19% (4/21)   Compressing objects:  23% (5/21)   Compressing objects:  28% (6/21)   Compressing objects:  33% (7/21)   Compressing objects:  38% (8/21)   Compressing objects:  42% (9/21)   Compressing objects:  47% (10/21)   Compressing objects:  52% (11/21)   Compressing objects:  57% (12/21)   Compressing objects:  61% (13/21)   Compressing objects:  66% (14/21)   Compressing objects:  71% (15/21)   Compressing objects:  76% (16/21)   Compressing objects:  80% (17/21)   Compressing objects:  85% (18/21)   Compressing objects:  90% (19/21)   Compressing objects:  95% (20/21)   Compressing objects: 100% (21/21)   Compressing objects: 100% (21/21), done.
Writing objects:   4% (1/23)   Writing objects:   8% (2/23)   Writing objects:  13% (3/23)   Writing objects:  17% (4/23)   Writing objects:  21% (5/23)   Writing objects:  26% (6/23)   Writing objects:  30% (7/23)   Writing objects:  34% (8/23)   Writing objects:  39% (9/23)   Writing objects:  43% (10/23)   Writing objects:  47% (11/23)   Writing objects:  52% (12/23)   Writing objects:  56% (13/23)   Writing objects:  60% (14/23)   Writing objects:  65% (15/23)   Writing objects:  69% (16/23)   Writing objects:  73% (17/23)   Writing objects:  78% (18/23)   Writing objects:  82% (19/23)   Writing objects:  86% (20/23)   Writing objects:  91% (21/23)   Writing objects:  95% (22/23)   Writing objects: 100% (23/23)   Writing objects: 100% (23/23), 2.41 KiB | 493.00 KiB/s, done.
Total 23 (delta 13), reused 0 (delta 0)
remote: Resolving deltas:   0% (0/13)[Kremote: Resolving deltas:   7% (1/13)[Kremote: Resolving deltas:  15% (2/13)[Kremote: Resolving deltas:  23% (3/13)[Kremote: Resolving deltas:  30% (4/13)[Kremote: Resolving deltas:  38% (5/13)[Kremote: Resolving deltas:  46% (6/13)[Kremote: Resolving deltas:  53% (7/13)[Kremote: Resolving deltas:  61% (8/13)[Kremote: Resolving deltas:  69% (9/13)[Kremote: Resolving deltas:  76% (10/13)[Kremote: Resolving deltas:  84% (11/13)[Kremote: Resolving deltas:  92% (12/13)[Kremote: Resolving deltas: 100% (13/13)[Kremote: Resolving deltas: 100% (13/13), completed with 13 local objects.[K
To https://github.com/dashofginger/Website.git
   15c4d6a..bccbc55  master -> master
]0;/stor/home/lmc3757/Website]0;lmc3757@educcomp01: ~/Website[01;32mlmc3757@educcomp01[00m:[01;34m~/Website[00m$ git add .
]0;/stor/home/lmc3757/Website]0;lmc3757@educcomp01: ~/Website[01;32mlmc3757@educcomp01[00m:[01;34m~/Website[00m$ git commit -m "any message, but you must have a message""
[master fb319e2] any message, but you must have a message
 11 files changed, 37 insertions(+), 42 deletions(-)
 delete mode 100644 .Rproj.user/EED8CAD8/sources/s-438c3c74/E728B5EF
]0;/stor/home/lmc3757/Website]0;lmc3757@educcomp01: ~/Website[01;32mlmc3757@educcomp01[00m:[01;34m~/Website[00m$ git push origin master
Username for 'https://github.com': dashofginger
Password for 'https://dashofginger@github.com': 
Counting objects: 21, done.
Delta compression using up to 16 threads.
Compressing objects:   5% (1/19)   Compressing objects:  10% (2/19)   Compressing objects:  15% (3/19)   Compressing objects:  21% (4/19)   Compressing objects:  26% (5/19)   Compressing objects:  31% (6/19)   Compressing objects:  36% (7/19)   Compressing objects:  42% (8/19)   Compressing objects:  47% (9/19)   Compressing objects:  52% (10/19)   Compressing objects:  57% (11/19)   Compressing objects:  63% (12/19)   Compressing objects:  68% (13/19)   Compressing objects:  73% (14/19)   Compressing objects:  78% (15/19)   Compressing objects:  84% (16/19)   Compressing objects:  89% (17/19)   Compressing objects:  94% (18/19)   Compressing objects: 100% (19/19)   Compressing objects: 100% (19/19), done.
Writing objects:   4% (1/21)   Writing objects:   9% (2/21)   Writing objects:  14% (3/21)   Writing objects:  19% (4/21)   Writing objects:  23% (5/21)   Writing objects:  28% (6/21)   Writing objects:  33% (7/21)   Writing objects:  38% (8/21)   Writing objects:  42% (9/21)   Writing objects:  47% (10/21)   Writing objects:  52% (11/21)   Writing objects:  57% (12/21)   Writing objects:  61% (13/21)   Writing objects:  66% (14/21)   Writing objects:  71% (15/21)   Writing objects:  76% (16/21)   Writing objects:  80% (17/21)   Writing objects:  85% (18/21)   Writing objects:  90% (19/21)   Writing objects:  95% (20/21)   Writing objects: 100% (21/21)   Writing objects: 100% (21/21), 2.32 KiB | 396.00 KiB/s, done.
Total 21 (delta 14), reused 0 (delta 0)
remote: Resolving deltas:   0% (0/14)[Kremote: Resolving deltas:   7% (1/14)[Kremote: Resolving deltas:  14% (2/14)[Kremote: Resolving deltas:  21% (3/14)[Kremote: Resolving deltas:  28% (4/14)[Kremote: Resolving deltas:  35% (5/14)[Kremote: Resolving deltas:  42% (6/14)[Kremote: Resolving deltas:  50% (7/14)[Kremote: Resolving deltas:  57% (8/14)[Kremote: Resolving deltas:  64% (9/14)[Kremote: Resolving deltas:  71% (10/14)[Kremote: Resolving deltas:  78% (11/14)[Kremote: Resolving deltas:  85% (12/14)[Kremote: Resolving deltas:  92% (13/14)[Kremote: Resolving deltas: 100% (14/14)[Kremote: Resolving deltas: 100% (14/14), completed with 14 local objects.[K
To https://github.com/dashofginger/Website.git
   bccbc55..fb319e2  master -> master
]0;/stor/home/lmc3757/Website]0;lmc3757@educcomp01: ~/Website[01;32mlmc3757@educcomp01[00m:[01;34m~/Website[00m$  add .[1@g[1@i[1@t[C[1@ 
]0;/stor/home/lmc3757/Website]0;lmc3757@educcomp01: ~/Website[01;32mlmc3757@educcomp01[00m:[01;34m~/Website[00m$ commit -m "any message, but you must have a message"[1Pe"[1Pe"[1Pe"[1Pe"[1P"[1Pe"[1Pe"[1Pe"[1Pe"[1P"[1Pe"[1Pe"[1Pe"[1Pe"[1Pe"[1Pe"[1Pe"[1Pe"[1Pe"[1Pe"[1Pe"[1Pe"[1Pe"[1Pe"[1Pe"[1Pe"[1Pe"[1Pe"[1P"[1Pe"[1Pe"[1Pe"[1Pe"[1P"[1Pe"[1Pe"[1Pe"[1Pe"[1Pe"he"ie"[C[1P"[1@g[1@i[1@t[1@ 
[master 7a65675] hi
 21 files changed, 665 insertions(+), 20 deletions(-)
 create mode 100644 .Rproj.user/EED8CAD8/sources/prop/596161AB
 create mode 100644 .Rproj.user/EED8CAD8/sources/prop/A3AB12C1
 create mode 100644 .Rproj.user/EED8CAD8/sources/s-438c3c74/E79B1ED5
 create mode 100644 .Rproj.user/EED8CAD8/sources/s-438c3c74/E79B1ED5-contents
 create mode 100644 .Rproj.user/EED8CAD8/sources/s-438c3c74/F37A55E3
 create mode 100644 .Rproj.user/EED8CAD8/sources/s-438c3c74/F37A55E3-contents
 create mode 100644 content/_Resume_Version2.docx
]0;/stor/home/lmc3757/Website]0;lmc3757@educcomp01: ~/Website[01;32mlmc3757@educcomp01[00m:[01;34m~/Website[00m$ t push origin master[1@g[1@i[C[1@t[1P
Username for 'https://github.com': dashofgine ger
Password for 'https://dashofginger@github.com': 
Counting objects: 26, done.
Delta compression using up to 16 threads.
Compressing objects:   4% (1/25)   Compressing objects:   8% (2/25)   Compressing objects:  12% (3/25)   Compressing objects:  16% (4/25)   Compressing objects:  20% (5/25)   Compressing objects:  24% (6/25)   Compressing objects:  28% (7/25)   Compressing objects:  32% (8/25)   Compressing objects:  36% (9/25)   Compressing objects:  40% (10/25)   Compressing objects:  44% (11/25)   Compressing objects:  48% (12/25)   Compressing objects:  52% (13/25)   Compressing objects:  56% (14/25)   Compressing objects:  60% (15/25)   Compressing objects:  64% (16/25)   Compressing objects:  68% (17/25)   Compressing objects:  72% (18/25)   Compressing objects:  76% (19/25)   Compressing objects:  80% (20/25)   Compressing objects:  84% (21/25)   Compressing objects:  88% (22/25)   Compressing objects:  92% (23/25)   Compressing objects:  96% (24/25)   Compressing objects: 100% (25/25)   Compressing objects: 100% (25/25), done.
Writing objects:   3% (1/26)   Writing objects:   7% (2/26)   Writing objects:  11% (3/26)   Writing objects:  15% (4/26)   Writing objects:  19% (5/26)   Writing objects:  23% (6/26)   Writing objects:  26% (7/26)   Writing objects:  30% (8/26)   Writing objects:  34% (9/26)   Writing objects:  38% (10/26)   Writing objects:  42% (11/26)   Writing objects:  46% (12/26)   Writing objects:  50% (13/26)   Writing objects:  53% (14/26)   Writing objects:  57% (15/26)   Writing objects:  61% (16/26)   Writing objects:  65% (17/26)   Writing objects:  69% (18/26)   Writing objects:  73% (19/26)   Writing objects:  76% (20/26)   Writing objects:  80% (21/26)   Writing objects:  84% (22/26)   Writing objects:  88% (23/26)   Writing objects:  92% (24/26)   Writing objects:  96% (25/26)   Writing objects: 100% (26/26)   Writing objects: 100% (26/26), 2.91 KiB | 597.00 KiB/s, done.
Total 26 (delta 20), reused 0 (delta 0)
remote: Resolving deltas:   0% (0/20)[Kremote: Resolving deltas:   5% (1/20)[Kremote: Resolving deltas:  10% (2/20)[Kremote: Resolving deltas:  15% (3/20)[Kremote: Resolving deltas:  20% (4/20)[Kremote: Resolving deltas:  25% (5/20)[Kremote: Resolving deltas:  30% (6/20)[Kremote: Resolving deltas:  35% (7/20)[Kremote: Resolving deltas:  40% (8/20)[Kremote: Resolving deltas:  45% (9/20)[Kremote: Resolving deltas:  50% (10/20)[Kremote: Resolving deltas:  55% (11/20)[Kremote: Resolving deltas:  60% (12/20)[Kremote: Resolving deltas:  75% (15/20)[Kremote: Resolving deltas:  80% (16/20)[Kremote: Resolving deltas:  85% (17/20)[Kremote: Resolving deltas:  90% (18/20)[Kremote: Resolving deltas:  95% (19/20)[Kremote: Resolving deltas: 100% (20/20)[Kremote: Resolving deltas: 100% (20/20), completed with 18 local objects.[K
To https://github.com/dashofginger/Website.git
   fb319e2..7a65675  master -> master
]0;/stor/home/lmc3757/Website]0;lmc3757@educcomp01: ~/Website[01;32mlmc3757@educcomp01[00m:[01;34m~/Website[00m$ git add .
]0;/stor/home/lmc3757/Website]0;lmc3757@educcomp01: ~/Website[01;32mlmc3757@educcomp01[00m:[01;34m~/Website[00m$  commit -m "hi"[1@g[1@i[1@t[C[1@ [1P
[master 9cfbb7c] hi
 13 files changed, 42 insertions(+), 60 deletions(-)
 delete mode 100644 .Rproj.user/EED8CAD8/sources/s-438c3c74/E79B1ED5
 delete mode 100644 .Rproj.user/EED8CAD8/sources/s-438c3c74/F37A55E3
 delete mode 100644 content/_Resume_Version2.docx
 rename public/{_Resume_Version2.docx => resume.docx} (54%)
]0;/stor/home/lmc3757/Website]0;lmc3757@educcomp01: ~/Website[01;32mlmc3757@educcomp01[00m:[01;34m~/Website[00m$  push origin master[1@g[1@i[1@t[C[1@ [1P
Username for 'https://github.com': dashofginger
Password for 'https://dashofginger@github.com': 
Counting objects: 21, done.
Delta compression using up to 16 threads.
Compressing objects:   5% (1/20)   Compressing objects:  10% (2/20)   Compressing objects:  15% (3/20)   Compressing objects:  20% (4/20)   Compressing objects:  25% (5/20)   Compressing objects:  30% (6/20)   Compressing objects:  35% (7/20)   Compressing objects:  40% (8/20)   Compressing objects:  45% (9/20)   Compressing objects:  50% (10/20)   Compressing objects:  55% (11/20)   Compressing objects:  60% (12/20)   Compressing objects:  65% (13/20)   Compressing objects:  70% (14/20)   Compressing objects:  75% (15/20)   Compressing objects:  80% (16/20)   Compressing objects:  85% (17/20)   Compressing objects:  90% (18/20)   Compressing objects:  95% (19/20)   Compressing objects: 100% (20/20)   Compressing objects: 100% (20/20), done.
Writing objects:   4% (1/21)   Writing objects:   9% (2/21)   Writing objects:  14% (3/21)   Writing objects:  19% (4/21)   Writing objects:  23% (5/21)   Writing objects:  28% (6/21)   Writing objects:  33% (7/21)   Writing objects:  38% (8/21)   Writing objects:  42% (9/21)   Writing objects:  47% (10/21)   Writing objects:  52% (11/21)   Writing objects:  57% (12/21)   Writing objects:  61% (13/21)   Writing objects:  66% (14/21)   Writing objects:  71% (15/21)   Writing objects:  76% (16/21)   Writing objects:  80% (17/21)   Writing objects:  85% (18/21)   Writing objects:  90% (19/21)   Writing objects:  95% (20/21)   Writing objects: 100% (21/21)   Writing objects: 100% (21/21), 33.05 KiB | 3.67 MiB/s, done.
Total 21 (delta 13), reused 0 (delta 0)
remote: Resolving deltas:   0% (0/13)[Kremote: Resolving deltas:   7% (1/13)[Kremote: Resolving deltas:  15% (2/13)[Kremote: Resolving deltas:  23% (3/13)[Kremote: Resolving deltas:  30% (4/13)[Kremote: Resolving deltas:  38% (5/13)[Kremote: Resolving deltas:  46% (6/13)[Kremote: Resolving deltas:  53% (7/13)[Kremote: Resolving deltas:  61% (8/13)[Kremote: Resolving deltas:  69% (9/13)[Kremote: Resolving deltas:  76% (10/13)[Kremote: Resolving deltas:  84% (11/13)[Kremote: Resolving deltas:  92% (12/13)[Kremote: Resolving deltas: 100% (13/13)[Kremote: Resolving deltas: 100% (13/13), completed with 13 local objects.[K
To https://github.com/dashofginger/Website.git
   7a65675..9cfbb7c  master -> master
]0;/stor/home/lmc3757/Website]0;lmc3757@educcomp01: ~/Website[01;32mlmc3757@educcomp01[00m:[01;34m~/Website[00m$ git add .
]0;/stor/home/lmc3757/Website]0;lmc3757@educcomp01: ~/Website[01;32mlmc3757@educcomp01[00m:[01;34m~/Website[00m$ git commit -m "hie"
[master 3fee0f4] hie
 5 files changed, 28 insertions(+), 9 deletions(-)
]0;/stor/home/lmc3757/Website]0;lmc3757@educcomp01: ~/Website[01;32mlmc3757@educcomp01[00m:[01;34m~/Website[00m$ gitpu[K[K push origin master
Username for 'https://github.com': dashofginger
Password for 'https://dashofginger@github.com': 
Counting objects: 12, done.
Delta compression using up to 16 threads.
Compressing objects:   8% (1/12)   Compressing objects:  16% (2/12)   Compressing objects:  25% (3/12)   Compressing objects:  33% (4/12)   Compressing objects:  41% (5/12)   Compressing objects:  50% (6/12)   Compressing objects:  58% (7/12)   Compressing objects:  66% (8/12)   Compressing objects:  75% (9/12)   Compressing objects:  83% (10/12)   Compressing objects:  91% (11/12)   Compressing objects: 100% (12/12)   Compressing objects: 100% (12/12), done.
Writing objects:   8% (1/12)   Writing objects:  16% (2/12)   Writing objects:  25% (3/12)   Writing objects:  33% (4/12)   Writing objects:  41% (5/12)   Writing objects:  50% (6/12)   Writing objects:  58% (7/12)   Writing objects:  66% (8/12)   Writing objects:  75% (9/12)   Writing objects:  83% (10/12)   Writing objects:  91% (11/12)   Writing objects: 100% (12/12)   Writing objects: 100% (12/12), 1.43 KiB | 489.00 KiB/s, done.
Total 12 (delta 8), reused 0 (delta 0)
remote: Resolving deltas:   0% (0/8)[Kremote: Resolving deltas:  12% (1/8)[Kremote: Resolving deltas:  25% (2/8)[Kremote: Resolving deltas:  37% (3/8)[Kremote: Resolving deltas:  50% (4/8)[Kremote: Resolving deltas:  62% (5/8)[Kremote: Resolving deltas:  75% (6/8)[Kremote: Resolving deltas:  87% (7/8)[Kremote: Resolving deltas: 100% (8/8)[Kremote: Resolving deltas: 100% (8/8), completed with 8 local objects.[K
To https://github.com/dashofginger/Website.git
   9cfbb7c..3fee0f4  master -> master
]0;/stor/home/lmc3757/Website]0;lmc3757@educcomp01: ~/Website[01;32mlmc3757@educcomp01[00m:[01;34m~/Website[00m$ git add . 
]0;/stor/home/lmc3757/Website]0;lmc3757@educcomp01: ~/Website[01;32mlmc3757@educcomp01[00m:[01;34m~/Website[00m$ git commit -m "hiya[K"
[master fe0b27b] hiy
 5 files changed, 23 insertions(+), 8 deletions(-)
]0;/stor/home/lmc3757/Website]0;lmc3757@educcomp01: ~/Website[01;32mlmc3757@educcomp01[00m:[01;34m~/Website[00m$ git push orgi[K[Kigin master
Username for 'https://github.com': dashofginger
Password for 'https://dashofginger@github.com': 
Counting objects: 12, done.
Delta compression using up to 16 threads.
Compressing objects:   8% (1/12)   Compressing objects:  16% (2/12)   Compressing objects:  25% (3/12)   Compressing objects:  33% (4/12)   Compressing objects:  41% (5/12)   Compressing objects:  50% (6/12)   Compressing objects:  58% (7/12)   Compressing objects:  66% (8/12)   Compressing objects:  75% (9/12)   Compressing objects:  83% (10/12)   Compressing objects:  91% (11/12)   Compressing objects: 100% (12/12)   Compressing objects: 100% (12/12), done.
Writing objects:   8% (1/12)   Writing objects:  16% (2/12)   Writing objects:  25% (3/12)   Writing objects:  33% (4/12)   Writing objects:  41% (5/12)   Writing objects:  50% (6/12)   Writing objects:  58% (7/12)   Writing objects:  66% (8/12)   Writing objects:  75% (9/12)   Writing objects:  83% (10/12)   Writing objects:  91% (11/12)   Writing objects: 100% (12/12)   Writing objects: 100% (12/12), 1.29 KiB | 439.00 KiB/s, done.
Total 12 (delta 8), reused 0 (delta 0)
remote: Resolving deltas:   0% (0/8)[Kremote: Resolving deltas:  12% (1/8)[Kremote: Resolving deltas:  25% (2/8)[Kremote: Resolving deltas:  37% (3/8)[Kremote: Resolving deltas:  50% (4/8)[Kremote: Resolving deltas:  62% (5/8)[Kremote: Resolving deltas:  75% (6/8)[Kremote: Resolving deltas:  87% (7/8)[Kremote: Resolving deltas: 100% (8/8)[Kremote: Resolving deltas: 100% (8/8), completed with 8 local objects.[K
To https://github.com/dashofginger/Website.git
   3fee0f4..fe0b27b  master -> master
]0;/stor/home/lmc3757/Website]0;lmc3757@educcomp01: ~/Website[01;32mlmc3757@educcomp01[00m:[01;34m~/Website[00m$ git add .
]0;/stor/home/lmc3757/Website]0;lmc3757@educcomp01: ~/Website[01;32mlmc3757@educcomp01[00m:[01;34m~/Website[00m$ git commit -m "hiya"
[master e0b6dad] hiya
 5 files changed, 24 insertions(+), 9 deletions(-)
]0;/stor/home/lmc3757/Website]0;lmc3757@educcomp01: ~/Website[01;32mlmc3757@educcomp01[00m:[01;34m~/Website[00m$ git push origina[K master
Username for 'https://github.com': dashofginger
Password for 'https://dashofginger@github.com': 
Counting objects: 15, done.
Delta compression using up to 16 threads.
Compressing objects:   7% (1/14)   Compressing objects:  14% (2/14)   Compressing objects:  21% (3/14)   Compressing objects:  28% (4/14)   Compressing objects:  35% (5/14)   Compressing objects:  42% (6/14)   Compressing objects:  50% (7/14)   Compressing objects:  57% (8/14)   Compressing objects:  64% (9/14)   Compressing objects:  71% (10/14)   Compressing objects:  78% (11/14)   Compressing objects:  85% (12/14)   Compressing objects:  92% (13/14)   Compressing objects: 100% (14/14)   Compressing objects: 100% (14/14), done.
Writing objects:   6% (1/15)   Writing objects:  13% (2/15)   Writing objects:  20% (3/15)   Writing objects:  26% (4/15)   Writing objects:  33% (5/15)   Writing objects:  40% (6/15)   Writing objects:  46% (7/15)   Writing objects:  53% (8/15)   Writing objects:  60% (9/15)   Writing objects:  66% (10/15)   Writing objects:  73% (11/15)   Writing objects:  80% (12/15)   Writing objects:  86% (13/15)   Writing objects:  93% (14/15)   Writing objects: 100% (15/15)   Writing objects: 100% (15/15), 1.28 KiB | 435.00 KiB/s, done.
Total 15 (delta 10), reused 0 (delta 0)
remote: Resolving deltas:   0% (0/10)[Kremote: Resolving deltas:  10% (1/10)[Kremote: Resolving deltas:  20% (2/10)[Kremote: Resolving deltas:  30% (3/10)[Kremote: Resolving deltas:  40% (4/10)[Kremote: Resolving deltas:  50% (5/10)[Kremote: Resolving deltas:  60% (6/10)[Kremote: Resolving deltas:  70% (7/10)[Kremote: Resolving deltas:  80% (8/10)[Kremote: Resolving deltas:  90% (9/10)[Kremote: Resolving deltas: 100% (10/10)[Kremote: Resolving deltas: 100% (10/10), completed with 10 local objects.[K
To https://github.com/dashofginger/Website.git
   fe0b27b..e0b6dad  master -> master
]0;/stor/home/lmc3757/Website]0;lmc3757@educcomp01: ~/Website[01;32mlmc3757@educcomp01[00m:[01;34m~/Website[00m$ gi[K[Kgit add .
]0;/stor/home/lmc3757/Website]0;lmc3757@educcomp01: ~/Website[01;32mlmc3757@educcomp01[00m:[01;34m~/Website[00m$ git commit -m "ugh"
[master d711975] ugh
 5 files changed, 26 insertions(+), 11 deletions(-)
]0;/stor/home/lmc3757/Website]0;lmc3757@educcomp01: ~/Website[01;32mlmc3757@educcomp01[00m:[01;34m~/Website[00m$ git push master g[Koriginor[K[K[K[K[K[K[K[K[K[K[K[K[K[K[K[K origin master
Username for 'https://github.com': dashofginger
Password for 'https://dashofginger@github.com': 
Counting objects: 12, done.
Delta compression using up to 16 threads.
Compressing objects:   8% (1/12)   Compressing objects:  16% (2/12)   Compressing objects:  25% (3/12)   Compressing objects:  33% (4/12)   Compressing objects:  41% (5/12)   Compressing objects:  50% (6/12)   Compressing objects:  58% (7/12)   Compressing objects:  66% (8/12)   Compressing objects:  75% (9/12)   Compressing objects:  83% (10/12)   Compressing objects:  91% (11/12)   Compressing objects: 100% (12/12)   Compressing objects: 100% (12/12), done.
Writing objects:   8% (1/12)   Writing objects:  16% (2/12)   Writing objects:  25% (3/12)   Writing objects:  33% (4/12)   Writing objects:  41% (5/12)   Writing objects:  50% (6/12)   Writing objects:  58% (7/12)   Writing objects:  66% (8/12)   Writing objects:  75% (9/12)   Writing objects:  83% (10/12)   Writing objects:  91% (11/12)   Writing objects: 100% (12/12)   Writing objects: 100% (12/12), 1.15 KiB | 392.00 KiB/s, done.
Total 12 (delta 8), reused 0 (delta 0)
remote: Resolving deltas:   0% (0/8)[Kremote: Resolving deltas:  12% (1/8)[Kremote: Resolving deltas:  25% (2/8)[Kremote: Resolving deltas:  37% (3/8)[Kremote: Resolving deltas:  50% (4/8)[Kremote: Resolving deltas:  62% (5/8)[Kremote: Resolving deltas:  75% (6/8)[Kremote: Resolving deltas:  87% (7/8)[Kremote: Resolving deltas: 100% (8/8)[Kremote: Resolving deltas: 100% (8/8), completed with 8 local objects.[K
To https://github.com/dashofginger/Website.git
   e0b6dad..d711975  master -> master
]0;/stor/home/lmc3757/Website]0;lmc3757@educcomp01: ~/Website[01;32mlmc3757@educcomp01[00m:[01;34m~/Website[00m$ git add .
]0;/stor/home/lmc3757/Website]0;lmc3757@educcomp01: ~/Website[01;32mlmc3757@educcomp01[00m:[01;34m~/Website[00m$ git commit m[K-m"s"
[master 2a6c5b7] s
 5 files changed, 22 insertions(+), 7 deletions(-)
]0;/stor/home/lmc3757/Website]0;lmc3757@educcomp01: ~/Website[01;32mlmc3757@educcomp01[00m:[01;34m~/Website[00m$ git pushor[K[K origin master
Username for 'https://github.com': dashofginger
Password for 'https://dashofginger@github.com': 
Counting objects: 12, done.
Delta compression using up to 16 threads.
Compressing objects:   8% (1/12)   Compressing objects:  16% (2/12)   Compressing objects:  25% (3/12)   Compressing objects:  33% (4/12)   Compressing objects:  41% (5/12)   Compressing objects:  50% (6/12)   Compressing objects:  58% (7/12)   Compressing objects:  66% (8/12)   Compressing objects:  75% (9/12)   Compressing objects:  83% (10/12)   Compressing objects:  91% (11/12)   Compressing objects: 100% (12/12)   Compressing objects: 100% (12/12), done.
Writing objects:   8% (1/12)   Writing objects:  16% (2/12)   Writing objects:  25% (3/12)   Writing objects:  33% (4/12)   Writing objects:  41% (5/12)   Writing objects:  50% (6/12)   Writing objects:  58% (7/12)   Writing objects:  66% (8/12)   Writing objects:  75% (9/12)   Writing objects:  83% (10/12)   Writing objects:  91% (11/12)   Writing objects: 100% (12/12)   Writing objects: 100% (12/12), 1.08 KiB | 370.00 KiB/s, done.
Total 12 (delta 9), reused 0 (delta 0)
remote: Resolving deltas:   0% (0/9)[Kremote: Resolving deltas:  11% (1/9)[Kremote: Resolving deltas:  22% (2/9)[Kremote: Resolving deltas:  33% (3/9)[Kremote: Resolving deltas:  44% (4/9)[Kremote: Resolving deltas:  55% (5/9)[Kremote: Resolving deltas:  66% (6/9)[Kremote: Resolving deltas:  77% (7/9)[Kremote: Resolving deltas:  88% (8/9)[Kremote: Resolving deltas: 100% (9/9)[Kremote: Resolving deltas: 100% (9/9), completed with 9 local objects.[K
To https://github.com/dashofginger/Website.git
   d711975..2a6c5b7  master -> master
]0;/stor/home/lmc3757/Website]0;lmc3757@educcomp01: ~/Website[01;32mlmc3757@educcomp01[00m:[01;34m~/Website[00m$ git add .
]0;/stor/home/lmc3757/Website]0;lmc3757@educcomp01: ~/Website[01;32mlmc3757@educcomp01[00m:[01;34m~/Website[00m$ git commit -m"ss"
[master e17c3f8] ss
 5 files changed, 22 insertions(+), 7 deletions(-)
]0;/stor/home/lmc3757/Website]0;lmc3757@educcomp01: ~/Website[01;32mlmc3757@educcomp01[00m:[01;34m~/Website[00m$ git push origin master
Username for 'https://github.com': dashofginger
Password for 'https://dashofginger@github.com': 
Counting objects: 12, done.
Delta compression using up to 16 threads.
Compressing objects:   8% (1/12)   Compressing objects:  16% (2/12)   Compressing objects:  25% (3/12)   Compressing objects:  33% (4/12)   Compressing objects:  41% (5/12)   Compressing objects:  50% (6/12)   Compressing objects:  58% (7/12)   Compressing objects:  66% (8/12)   Compressing objects:  75% (9/12)   Compressing objects:  83% (10/12)   Compressing objects:  91% (11/12)   Compressing objects: 100% (12/12)   Compressing objects: 100% (12/12), done.
Writing objects:   8% (1/12)   Writing objects:  16% (2/12)   Writing objects:  25% (3/12)   Writing objects:  33% (4/12)   Writing objects:  41% (5/12)   Writing objects:  50% (6/12)   Writing objects:  58% (7/12)   Writing objects:  66% (8/12)   Writing objects:  75% (9/12)   Writing objects:  83% (10/12)   Writing objects:  91% (11/12)   Writing objects: 100% (12/12)   Writing objects: 100% (12/12), 1.22 KiB | 416.00 KiB/s, done.
Total 12 (delta 8), reused 0 (delta 0)
remote: Resolving deltas:   0% (0/8)[Kremote: Resolving deltas:  12% (1/8)[Kremote: Resolving deltas:  25% (2/8)[Kremote: Resolving deltas:  37% (3/8)[Kremote: Resolving deltas:  50% (4/8)[Kremote: Resolving deltas:  62% (5/8)[Kremote: Resolving deltas:  75% (6/8)[Kremote: Resolving deltas:  87% (7/8)[Kremote: Resolving deltas: 100% (8/8)[Kremote: Resolving deltas: 100% (8/8), completed with 8 local objects.[K
To https://github.com/dashofginger/Website.git
   2a6c5b7..e17c3f8  master -> master
]0;/stor/home/lmc3757/Website]0;lmc3757@educcomp01: ~/Website[01;32mlmc3757@educcomp01[00m:[01;34m~/Website[00m$ git add .
]0;/stor/home/lmc3757/Website]0;lmc3757@educcomp01: ~/Website[01;32mlmc3757@educcomp01[00m:[01;34m~/Website[00m$ git commit -m"sss"
[master 1e12527] sss
 7 files changed, 22 insertions(+), 7 deletions(-)
 rename static/_Resume_Version2.docx => content/resume.docx (54%)
 create mode 100644 static/resume.docx
]0;/stor/home/lmc3757/Website]0;lmc3757@educcomp01: ~/Website[01;32mlmc3757@educcomp01[00m:[01;34m~/Website[00m$ git push origin[Kn master
Username for 'https://github.com': dashofginger
Password for 'https://dashofginger@github.com': 
Counting objects: 15, done.
Delta compression using up to 16 threads.
Compressing objects:   6% (1/15)   Compressing objects:  13% (2/15)   Compressing objects:  20% (3/15)   Compressing objects:  26% (4/15)   Compressing objects:  33% (5/15)   Compressing objects:  40% (6/15)   Compressing objects:  46% (7/15)   Compressing objects:  53% (8/15)   Compressing objects:  60% (9/15)   Compressing objects:  66% (10/15)   Compressing objects:  73% (11/15)   Compressing objects:  80% (12/15)   Compressing objects:  86% (13/15)   Compressing objects:  93% (14/15)   Compressing objects: 100% (15/15)   Compressing objects: 100% (15/15), done.
Writing objects:   6% (1/15)   Writing objects:  13% (2/15)   Writing objects:  20% (3/15)   Writing objects:  26% (4/15)   Writing objects:  33% (5/15)   Writing objects:  40% (6/15)   Writing objects:  46% (7/15)   Writing objects:  53% (8/15)   Writing objects:  60% (9/15)   Writing objects:  66% (10/15)   Writing objects:  73% (11/15)   Writing objects:  80% (12/15)   Writing objects:  86% (13/15)   Writing objects:  93% (14/15)   Writing objects: 100% (15/15)   Writing objects: 100% (15/15), 1.34 KiB | 458.00 KiB/s, done.
Total 15 (delta 9), reused 0 (delta 0)
remote: Resolving deltas:   0% (0/9)[Kremote: Resolving deltas:  11% (1/9)[Kremote: Resolving deltas:  22% (2/9)[Kremote: Resolving deltas:  33% (3/9)[Kremote: Resolving deltas:  44% (4/9)[Kremote: Resolving deltas:  55% (5/9)[Kremote: Resolving deltas:  66% (6/9)[Kremote: Resolving deltas:  77% (7/9)[Kremote: Resolving deltas:  88% (8/9)[Kremote: Resolving deltas: 100% (9/9)[Kremote: Resolving deltas: 100% (9/9), completed with 9 local objects.[K
To https://github.com/dashofginger/Website.git
   e17c3f8..1e12527  master -> master
]0;/stor/home/lmc3757/Website]0;lmc3757@educcomp01: ~/Website[01;32mlmc3757@educcomp01[00m:[01;34m~/Website[00m$ git add .
]0;/stor/home/lmc3757/Website]0;lmc3757@educcomp01: ~/Website[01;32mlmc3757@educcomp01[00m:[01;34m~/Website[00m$ git commit -"lala"
error: unknown switch `l'
usage: git commit [<options>] [--] <pathspec>...

    -q, --quiet           suppress summary after successful commit
    -v, --verbose         show diff in commit message template

Commit message options
    -F, --file <file>     read message from file
    --author <author>     override author for commit
    --date <date>         override date for commit
    -m, --message <message>
                          commit message
    -c, --reedit-message <commit>
                          reuse and edit message from specified commit
    -C, --reuse-message <commit>
                          reuse message from specified commit
    --fixup <commit>      use autosquash formatted message to fixup specified commit
    --squash <commit>     use autosquash formatted message to squash specified commit
    --reset-author        the commit is authored by me now (used with -C/-c/--amend)
    -s, --signoff         add Signed-off-by:
    -t, --template <file>
                          use specified template file
    -e, --edit            force edit of commit
    --cleanup <default>   how to strip spaces and #comments from message
    --status              include status in commit message template
    -S, --gpg-sign[=<key-id>]
                          GPG sign commit

Commit contents options
    -a, --all             commit all changed files
    -i, --include         add specified files to index for commit
    --interactive         interactively add files
    -p, --patch           interactively add changes
    -o, --only            commit only specified files
    -n, --no-verify       bypass pre-commit and commit-msg hooks
    --dry-run             show what would be committed
    --short               show status concisely
    --branch              show branch information
    --ahead-behind        compute full ahead/behind values
    --porcelain           machine-readable output
    --long                show status in long format (default)
    -z, --null            terminate entries with NUL
    --amend               amend previous commit
    --no-post-rewrite     bypass post-rewrite hook
    -u, --untracked-files[=<mode>]
                          show untracked files, optional modes: all, normal, no. (Default: all)

]0;/stor/home/lmc3757/Website]0;lmc3757@educcomp01: ~/Website[01;32mlmc3757@educcomp01[00m:[01;34m~/Website[00m$ gitg[Kco[K[K commit -m"lala"
[master 8c20a50] lala
 17 files changed, 1312 insertions(+), 12 deletions(-)
 create mode 100644 .Rproj.user/EED8CAD8/sources/prop/F5433521
 create mode 100644 .Rproj.user/EED8CAD8/sources/s-438c3c74/B10052E7-contents
 create mode 100644 .Rproj.user/EED8CAD8/sources/s-438c3c74/CF4B65D3-contents
 create mode 100644 .Rproj.user/shared/notebooks/C3425F6D-Project2/1/s/chunks.json
 create mode 100644 .Rproj.user/shared/notebooks/DC17C2BF-Project2/1/EED8CAD8438c3c74/chunks.json
 create mode 100644 public/Project1.Rmd
 create mode 100644 public/Project2.Rmd
]0;/stor/home/lmc3757/Website]0;lmc3757@educcomp01: ~/Website[01;32mlmc3757@educcomp01[00m:[01;34m~/Website[00m$ git push origin master
Username for 'https://github.com': dashofginger
Password for 'https://dashofginger@github.com': 
Counting objects: 28, done.
Delta compression using up to 16 threads.
Compressing objects:   4% (1/21)   Compressing objects:   9% (2/21)   Compressing objects:  14% (3/21)   Compressing objects:  19% (4/21)   Compressing objects:  23% (5/21)   Compressing objects:  28% (6/21)   Compressing objects:  33% (7/21)   Compressing objects:  38% (8/21)   Compressing objects:  42% (9/21)   Compressing objects:  47% (10/21)   Compressing objects:  52% (11/21)   Compressing objects:  57% (12/21)   Compressing objects:  61% (13/21)   Compressing objects:  66% (14/21)   Compressing objects:  71% (15/21)   Compressing objects:  76% (16/21)   Compressing objects:  80% (17/21)   Compressing objects:  85% (18/21)   Compressing objects:  90% (19/21)   Compressing objects:  95% (20/21)   Compressing objects: 100% (21/21)   Compressing objects: 100% (21/21), done.
Writing objects:   3% (1/28)   Writing objects:   7% (2/28)   Writing objects:  10% (3/28)   Writing objects:  14% (4/28)   Writing objects:  17% (5/28)   Writing objects:  21% (6/28)   Writing objects:  25% (7/28)   Writing objects:  28% (8/28)   Writing objects:  32% (9/28)   Writing objects:  35% (10/28)   Writing objects:  39% (11/28)   Writing objects:  42% (12/28)   Writing objects:  46% (13/28)   Writing objects:  50% (14/28)   Writing objects:  53% (15/28)   Writing objects:  57% (16/28)   Writing objects:  60% (17/28)   Writing objects:  64% (18/28)   Writing objects:  67% (19/28)   Writing objects:  71% (20/28)   Writing objects:  75% (21/28)   Writing objects:  78% (22/28)   Writing objects:  82% (23/28)   Writing objects:  85% (24/28)   Writing objects:  89% (25/28)   Writing objects:  92% (26/28)   Writing objects:  96% (27/28)   Writing objects: 100% (28/28)   Writing objects: 100% (28/28), 9.05 KiB | 1.29 MiB/s, done.
Total 28 (delta 11), reused 0 (delta 0)
remote: Resolving deltas:   0% (0/11)[Kremote: Resolving deltas:   9% (1/11)[Kremote: Resolving deltas:  18% (2/11)[Kremote: Resolving deltas:  27% (3/11)[Kremote: Resolving deltas:  36% (4/11)[Kremote: Resolving deltas:  45% (5/11)[Kremote: Resolving deltas:  54% (6/11)[Kremote: Resolving deltas:  63% (7/11)[Kremote: Resolving deltas:  72% (8/11)[Kremote: Resolving deltas:  81% (9/11)[Kremote: Resolving deltas:  90% (10/11)[Kremote: Resolving deltas: 100% (11/11)[Kremote: Resolving deltas: 100% (11/11), completed with 11 local objects.[K
To https://github.com/dashofginger/Website.git
   1e12527..8c20a50  master -> master
]0;/stor/home/lmc3757/Website]0;lmc3757@educcomp01: ~/Website[01;32mlmc3757@educcomp01[00m:[01;34m~/Website[00m$ [K]0;lmc3757@educcomp01: ~/Website[01;32mlmc3757@educcomp01[00m:[01;34m~/Website[00m$ git add .
]0;/stor/home/lmc3757/Website]0;lmc3757@educcomp01: ~/Website[01;32mlmc3757@educcomp01[00m:[01;34m~/Website[00m$ git commit -m"lalala"
[master 12f8b2d] lalala
 18 files changed, 686 insertions(+), 35 deletions(-)
 rename content/Project1.Rmd => .Rproj.user/EED8CAD8/sources/s-438c3c74/105867E-contents (100%)
 rename content/Project2.Rmd => .Rproj.user/EED8CAD8/sources/s-438c3c74/3B9D4D02-contents (100%)
 create mode 100644 content/project1.Rmd
 create mode 100644 content/project2.Rmd
 delete mode 100644 content/resume.docx
 create mode 100644 content/resume.pdf
]0;/stor/home/lmc3757/Website]0;lmc3757@educcomp01: ~/Website[01;32mlmc3757@educcomp01[00m:[01;34m~/Website[00m$ git push ori[K[K[Korigin master
Username for 'https://github.com': dashofginger
Password for 'https://dashofginger@github.com': 
Counting objects: 23, done.
Delta compression using up to 16 threads.
Compressing objects:   4% (1/22)   Compressing objects:   9% (2/22)   Compressing objects:  13% (3/22)   Compressing objects:  18% (4/22)   Compressing objects:  22% (5/22)   Compressing objects:  27% (6/22)   Compressing objects:  31% (7/22)   Compressing objects:  36% (8/22)   Compressing objects:  40% (9/22)   Compressing objects:  45% (10/22)   Compressing objects:  50% (11/22)   Compressing objects:  54% (12/22)   Compressing objects:  59% (13/22)   Compressing objects:  63% (14/22)   Compressing objects:  68% (15/22)   Compressing objects:  72% (16/22)   Compressing objects:  77% (17/22)   Compressing objects:  81% (18/22)   Compressing objects:  86% (19/22)   Compressing objects:  90% (20/22)   Compressing objects:  95% (21/22)   Compressing objects: 100% (22/22)   Compressing objects: 100% (22/22), done.
Writing objects:   4% (1/23)   Writing objects:   8% (2/23)   Writing objects:  13% (3/23)   Writing objects:  17% (4/23)   Writing objects:  21% (5/23)   Writing objects:  26% (6/23)   Writing objects:  30% (7/23)   Writing objects:  34% (8/23)   Writing objects:  39% (9/23)   Writing objects:  43% (10/23)   Writing objects:  47% (11/23)   Writing objects:  52% (12/23)   Writing objects:  56% (13/23)   Writing objects:  60% (14/23)   Writing objects:  65% (15/23)   Writing objects:  69% (16/23)   Writing objects:  73% (17/23)   Writing objects:  78% (18/23)   Writing objects:  82% (19/23)   Writing objects:  86% (20/23)   Writing objects:  91% (21/23)   Writing objects:  95% (22/23)   Writing objects: 100% (23/23)   Writing objects: 100% (23/23), 201.10 KiB | 7.18 MiB/s, done.
Total 23 (delta 14), reused 0 (delta 0)
remote: Resolving deltas:   0% (0/14)[Kremote: Resolving deltas:   7% (1/14)[Kremote: Resolving deltas:  14% (2/14)[Kremote: Resolving deltas:  21% (3/14)[Kremote: Resolving deltas:  28% (4/14)[Kremote: Resolving deltas:  35% (5/14)[Kremote: Resolving deltas:  42% (6/14)[Kremote: Resolving deltas:  50% (7/14)[Kremote: Resolving deltas:  57% (8/14)[Kremote: Resolving deltas:  64% (9/14)[Kremote: Resolving deltas:  71% (10/14)[Kremote: Resolving deltas:  78% (11/14)[Kremote: Resolving deltas:  85% (12/14)[Kremote: Resolving deltas:  92% (13/14)[Kremote: Resolving deltas: 100% (14/14)[Kremote: Resolving deltas: 100% (14/14), completed with 14 local objects.[K
To https://github.com/dashofginger/Website.git
   8c20a50..12f8b2d  master -> master
]0;/stor/home/lmc3757/Website]0;lmc3757@educcomp01: ~/Website[01;32mlmc3757@educcomp01[00m:[01;34m~/Website[00m$ [K]0;lmc3757@educcomp01: ~/Website[01;32mlmc3757@educcomp01[00m:[01;34m~/Website[00m$ [K]0;lmc3757@educcomp01: ~/Website[01;32mlmc3757@educcomp01[00m:[01;34m~/Website[00m$ git add .
